[0.004s][info][gc] Using Serial
[4.069s][info][gc] GC(0) Pause Young (Allocation Failure) 17M->3M(61M) 2.986ms
[28.803s][info][gc] GC(1) Pause Young (Allocation Failure) 20M->5M(61M) 6.352ms
[28.840s][info][gc] GC(2) Pause Young (Allocation Failure) 22M->8M(61M) 5.136ms
[28.869s][info][gc] GC(3) Pause Young (Allocation Failure) 25M->10M(61M) 4.081ms
[28.892s][info][gc] GC(4) Pause Young (Allocation Failure) 27M->13M(61M) 3.745ms
[28.916s][info][gc] GC(5) Pause Young (Allocation Failure) 30M->15M(61M) 4.172ms
[28.939s][info][gc] GC(6) Pause Young (Allocation Failure) 32M->18M(61M) 4.052ms
[28.963s][info][gc] GC(7) Pause Young (Allocation Failure) 35M->20M(61M) 4.141ms
[28.990s][info][gc] GC(8) Pause Young (Allocation Failure) 37M->23M(61M) 4.183ms
[29.016s][info][gc] GC(9) Pause Young (Allocation Failure) 40M->25M(61M) 4.259ms
[29.047s][info][gc] GC(10) Pause Young (Allocation Failure) 42M->28M(61M) 4.439ms
[29.067s][info][gc] GC(11) Pause Young (Allocation Failure) 45M->31M(61M) 4.330ms
[29.090s][info][gc] GC(12) Pause Young (Allocation Failure) 48M->33M(61M) 6.150ms
[29.111s][info][gc] GC(13) Pause Young (Allocation Failure) 50M->36M(61M) 4.236ms
[29.132s][info][gc] GC(14) Pause Young (Allocation Failure) 53M->38M(61M) 4.241ms
[29.153s][info][gc] GC(15) Pause Young (Allocation Failure) 55M->40M(61M) 4.152ms
[29.173s][info][gc] GC(16) Pause Young (Allocation Failure) 57M->44M(61M) 4.422ms
[29.189s][info][gc] GC(17) Pause Young (Allocation Failure) 61M->61M(61M) 0.017ms
[29.238s][info][gc] GC(18) Pause Full (Allocation Failure) 61M->45M(61M) 48.993ms
[29.308s][info][gc] GC(19) Pause Full (Allocation Failure) 61M->47M(61M) 47.845ms
[29.375s][info][gc] GC(20) Pause Full (Allocation Failure) 61M->49M(61M) 46.582ms
[51.848s][info][gc] GC(21) Pause Full (Allocation Failure) 61M->49M(61M) 101.068ms
[168.295s][info][gc] GC(22) Pause Full (Allocation Failure) 61M->50M(61M) 76.326ms
[282.722s][info][gc] GC(23) Pause Full (Allocation Failure) 61M->50M(61M) 89.925ms
[396.148s][info][gc] GC(24) Pause Full (Allocation Failure) 61M->50M(61M) 89.560ms
[512.604s][info][gc] GC(25) Pause Full (Allocation Failure) 61M->49M(61M) 80.321ms
[630.181s][info][gc] GC(26) Pause Full (Allocation Failure) 61M->50M(61M) 82.331ms
[749.579s][info][gc] GC(27) Pause Full (Allocation Failure) 61M->50M(61M) 91.195ms
[798.456s][info][gc] GC(28) Pause Full (Allocation Failure) 61M->51M(61M) 56.619ms
[798.527s][info][gc] GC(29) Pause Full (Allocation Failure) 61M->51M(61M) 47.354ms
[798.599s][info][gc] GC(30) Pause Full (Allocation Failure) 61M->53M(61M) 51.252ms
[798.683s][info][gc] GC(31) Pause Full (Allocation Failure) 61M->54M(61M) 54.068ms
[798.777s][info][gc] GC(32) Pause Full (Allocation Failure) 61M->55M(61M) 52.601ms
[798.843s][info][gc] GC(33) Pause Full (Allocation Failure) 61M->55M(61M) 52.181ms
[798.925s][info][gc] GC(34) Pause Full (Allocation Failure) 61M->57M(61M) 55.870ms
[798.996s][info][gc] GC(35) Pause Full (Allocation Failure) 61M->58M(61M) 58.539ms
[799.070s][info][gc] GC(36) Pause Full (Allocation Failure) 61M->58M(61M) 52.718ms
[799.127s][info][gc] GC(37) Pause Full (Allocation Failure) 61M->58M(61M) 54.684ms
[799.187s][info][gc] GC(38) Pause Full (Allocation Failure) 61M->59M(61M) 50.650ms
[799.246s][info][gc] GC(39) Pause Full (Allocation Failure) 61M->59M(61M) 50.121ms
[799.305s][info][gc] GC(40) Pause Full (Allocation Failure) 61M->59M(61M) 50.318ms
[799.365s][info][gc] GC(41) Pause Full (Allocation Failure) 61M->60M(61M) 52.604ms
[799.426s][info][gc] GC(42) Pause Full (Allocation Failure) 61M->60M(61M) 53.460ms
[799.481s][info][gc] GC(43) Pause Full (Allocation Failure) 61M->60M(61M) 49.668ms
[799.537s][info][gc] GC(44) Pause Full (Allocation Failure) 61M->60M(61M) 50.750ms
[799.594s][info][gc] GC(45) Pause Full (Allocation Failure) 61M->60M(61M) 53.022ms
[799.649s][info][gc] GC(46) Pause Full (Allocation Failure) 61M->61M(61M) 51.575ms
[799.702s][info][gc] GC(47) Pause Full (Allocation Failure) 61M->61M(61M) 49.792ms
[799.756s][info][gc] GC(48) Pause Full (Allocation Failure) 61M->61M(61M) 50.477ms
[799.811s][info][gc] GC(49) Pause Full (Allocation Failure) 61M->61M(61M) 52.782ms
[799.865s][info][gc] GC(50) Pause Full (Allocation Failure) 61M->61M(61M) 51.711ms
[799.920s][info][gc] GC(51) Pause Full (Allocation Failure) 61M->61M(61M) 53.509ms
[799.972s][info][gc] GC(52) Pause Full (Allocation Failure) 61M->61M(61M) 50.562ms
[800.026s][info][gc] GC(53) Pause Full (Allocation Failure) 61M->61M(61M) 52.693ms
[800.079s][info][gc] GC(54) Pause Full (Allocation Failure) 61M->61M(61M) 51.885ms
[800.131s][info][gc] GC(55) Pause Full (Allocation Failure) 61M->61M(61M) 50.124ms
[800.182s][info][gc] GC(56) Pause Full (Allocation Failure) 61M->61M(61M) 50.400ms
[800.235s][info][gc] GC(57) Pause Full (Allocation Failure) 61M->61M(61M) 52.080ms
[800.287s][info][gc] GC(58) Pause Full (Allocation Failure) 61M->61M(61M) 51.358ms
[800.338s][info][gc] GC(59) Pause Full (Allocation Failure) 61M->61M(61M) 50.068ms
[800.400s][info][gc] GC(60) Pause Full (Allocation Failure) 61M->61M(61M) 51.757ms
[800.453s][info][gc] GC(61) Pause Full (Allocation Failure) 61M->61M(61M) 51.925ms
[800.505s][info][gc] GC(62) Pause Full (Allocation Failure) 61M->61M(61M) 51.503ms
[800.555s][info][gc] GC(63) Pause Full (Allocation Failure) 61M->61M(61M) 50.132ms
[800.606s][info][gc] GC(64) Pause Full (Allocation Failure) 61M->61M(61M) 50.209ms
[800.659s][info][gc] GC(65) Pause Full (Allocation Failure) 61M->61M(61M) 52.967ms
[800.711s][info][gc] GC(66) Pause Full (Allocation Failure) 61M->61M(61M) 51.792ms
[800.765s][info][gc] GC(67) Pause Full (Allocation Failure) 61M->61M(61M) 53.017ms
[800.817s][info][gc] GC(68) Pause Full (Allocation Failure) 61M->61M(61M) 51.494ms
[800.869s][info][gc] GC(69) Pause Full (Allocation Failure) 61M->61M(61M) 50.850ms
[800.926s][info][gc] GC(70) Pause Full (Allocation Failure) 61M->61M(61M) 56.831ms
[800.977s][info][gc] GC(71) Pause Full (Allocation Failure) 61M->61M(61M) 50.234ms
[801.030s][info][gc] GC(72) Pause Full (Allocation Failure) 61M->61M(61M) 52.723ms
[801.084s][info][gc] GC(73) Pause Full (Allocation Failure) 61M->61M(61M) 52.246ms
[801.136s][info][gc] GC(74) Pause Full (Allocation Failure) 61M->61M(61M) 51.907ms
[801.187s][info][gc] GC(75) Pause Full (Allocation Failure) 61M->61M(61M) 50.106ms
[801.237s][info][gc] GC(76) Pause Full (Allocation Failure) 61M->61M(61M) 50.246ms
[801.289s][info][gc] GC(77) Pause Full (Allocation Failure) 61M->61M(61M) 51.830ms
[801.342s][info][gc] GC(78) Pause Full (Allocation Failure) 61M->61M(61M) 52.062ms
[801.392s][info][gc] GC(79) Pause Full (Allocation Failure) 61M->61M(61M) 50.037ms
[801.443s][info][gc] GC(80) Pause Full (Allocation Failure) 61M->61M(61M) 50.842ms
[801.496s][info][gc] GC(81) Pause Full (Allocation Failure) 61M->61M(61M) 52.886ms
[801.548s][info][gc] GC(82) Pause Full (Allocation Failure) 61M->61M(61M) 51.042ms
[801.598s][info][gc] GC(83) Pause Full (Allocation Failure) 61M->61M(61M) 50.040ms
[801.648s][info][gc] GC(84) Pause Full (Allocation Failure) 61M->61M(61M) 50.091ms
[801.700s][info][gc] GC(85) Pause Full (Allocation Failure) 61M->61M(61M) 51.671ms
[801.752s][info][gc] GC(86) Pause Full (Allocation Failure) 61M->61M(61M) 51.876ms
[801.802s][info][gc] GC(87) Pause Full (Allocation Failure) 61M->61M(61M) 50.105ms
[801.853s][info][gc] GC(88) Pause Full (Allocation Failure) 61M->61M(61M) 50.065ms
[801.903s][info][gc] GC(89) Pause Full (Allocation Failure) 61M->61M(61M) 50.386ms
[801.955s][info][gc] GC(90) Pause Full (Allocation Failure) 61M->61M(61M) 51.802ms
[802.008s][info][gc] GC(91) Pause Full (Allocation Failure) 61M->61M(61M) 52.358ms
[802.058s][info][gc] GC(92) Pause Full (Allocation Failure) 61M->61M(61M) 50.306ms
[802.109s][info][gc] GC(93) Pause Full (Allocation Failure) 61M->61M(61M) 50.191ms
[802.159s][info][gc] GC(94) Pause Full (Allocation Failure) 61M->61M(61M) 50.050ms
[802.209s][info][gc] GC(95) Pause Full (Allocation Failure) 61M->61M(61M) 50.022ms
[802.259s][info][gc] GC(96) Pause Full (Allocation Failure) 61M->61M(61M) 50.028ms
[802.309s][info][gc] GC(97) Pause Full (Allocation Failure) 61M->61M(61M) 50.036ms
[802.360s][info][gc] GC(98) Pause Full (Allocation Failure) 61M->61M(61M) 49.988ms
[802.410s][info][gc] GC(99) Pause Full (Allocation Failure) 61M->61M(61M) 50.146ms
[802.460s][info][gc] GC(100) Pause Full (Allocation Failure) 61M->61M(61M) 50.150ms
[802.513s][info][gc] GC(101) Pause Full (Allocation Failure) 61M->61M(61M) 52.275ms
[802.565s][info][gc] GC(102) Pause Full (Allocation Failure) 61M->61M(61M) 52.552ms
[802.616s][info][gc] GC(103) Pause Full (Allocation Failure) 61M->61M(61M) 50.195ms
[802.666s][info][gc] GC(104) Pause Full (Allocation Failure) 61M->61M(61M) 50.139ms
[802.717s][info][gc] GC(105) Pause Full (Allocation Failure) 61M->61M(61M) 50.355ms
[802.767s][info][gc] GC(106) Pause Full (Allocation Failure) 61M->61M(61M) 50.751ms
[802.822s][info][gc] GC(107) Pause Full (Allocation Failure) 61M->61M(61M) 53.996ms
[802.875s][info][gc] GC(108) Pause Full (Allocation Failure) 61M->61M(61M) 53.114ms
[802.929s][info][gc] GC(109) Pause Full (Allocation Failure) 61M->61M(61M) 53.497ms
[802.983s][info][gc] GC(110) Pause Full (Allocation Failure) 61M->61M(61M) 53.624ms
[803.036s][info][gc] GC(111) Pause Full (Allocation Failure) 61M->61M(61M) 53.298ms
[803.089s][info][gc] GC(112) Pause Full (Allocation Failure) 61M->61M(61M) 51.939ms
[803.139s][info][gc] GC(113) Pause Full (Allocation Failure) 61M->61M(61M) 50.517ms
[803.192s][info][gc] GC(114) Pause Full (Allocation Failure) 61M->61M(61M) 52.434ms
[803.244s][info][gc] GC(115) Pause Full (Allocation Failure) 61M->61M(61M) 52.235ms
[803.295s][info][gc] GC(116) Pause Full (Allocation Failure) 61M->61M(61M) 50.120ms
[803.349s][info][gc] GC(117) Pause Full (Allocation Failure) 61M->61M(61M) 54.112ms
[803.400s][info][gc] GC(118) Pause Full (Allocation Failure) 61M->61M(61M) 51.093ms
[803.452s][info][gc] GC(119) Pause Full (Allocation Failure) 61M->61M(61M) 51.789ms
[803.503s][info][gc] GC(120) Pause Full (Allocation Failure) 61M->61M(61M) 50.438ms
[803.553s][info][gc] GC(121) Pause Full (Allocation Failure) 61M->61M(61M) 50.197ms
[803.605s][info][gc] GC(122) Pause Full (Allocation Failure) 61M->61M(61M) 51.802ms
[803.658s][info][gc] GC(123) Pause Full (Allocation Failure) 61M->61M(61M) 52.432ms
[803.708s][info][gc] GC(124) Pause Full (Allocation Failure) 61M->61M(61M) 50.112ms
[803.758s][info][gc] GC(125) Pause Full (Allocation Failure) 61M->61M(61M) 50.090ms
[803.809s][info][gc] GC(126) Pause Full (Allocation Failure) 61M->61M(61M) 49.987ms
[803.862s][info][gc] GC(127) Pause Full (Allocation Failure) 61M->61M(61M) 53.283ms
[803.913s][info][gc] GC(128) Pause Full (Allocation Failure) 61M->61M(61M) 50.455ms
[803.963s][info][gc] GC(129) Pause Full (Allocation Failure) 61M->61M(61M) 50.065ms
[804.013s][info][gc] GC(130) Pause Full (Allocation Failure) 61M->61M(61M) 50.134ms
[804.064s][info][gc] GC(131) Pause Full (Allocation Failure) 61M->61M(61M) 50.085ms
[804.117s][info][gc] GC(132) Pause Full (Allocation Failure) 61M->61M(61M) 53.434ms
[804.171s][info][gc] GC(133) Pause Full (Allocation Failure) 61M->61M(61M) 53.204ms
[804.221s][info][gc] GC(134) Pause Full (Allocation Failure) 61M->61M(61M) 50.190ms
[804.272s][info][gc] GC(135) Pause Full (Allocation Failure) 61M->61M(61M) 50.661ms
[804.323s][info][gc] GC(136) Pause Full (Allocation Failure) 61M->61M(61M) 51.236ms
[804.387s][info][gc] GC(137) Pause Full (Allocation Failure) 61M->61M(61M) 63.854ms
[804.439s][info][gc] GC(138) Pause Full (Allocation Failure) 61M->61M(61M) 50.791ms
[804.489s][info][gc] GC(139) Pause Full (Allocation Failure) 61M->61M(61M) 50.190ms
[804.540s][info][gc] GC(140) Pause Full (Allocation Failure) 61M->61M(61M) 50.716ms
[804.616s][info][gc] GC(141) Pause Full (Allocation Failure) 61M->61M(61M) 75.607ms
[804.667s][info][gc] GC(142) Pause Full (Allocation Failure) 61M->61M(61M) 50.470ms
[804.717s][info][gc] GC(143) Pause Full (Allocation Failure) 61M->61M(61M) 50.216ms
[804.770s][info][gc] GC(144) Pause Full (Allocation Failure) 61M->61M(61M) 52.463ms
[804.822s][info][gc] GC(145) Pause Full (Allocation Failure) 61M->61M(61M) 51.877ms
[804.874s][info][gc] GC(146) Pause Full (Allocation Failure) 61M->61M(61M) 51.645ms
[804.924s][info][gc] GC(147) Pause Full (Allocation Failure) 61M->61M(61M) 50.419ms
[804.975s][info][gc] GC(148) Pause Full (Allocation Failure) 61M->61M(61M) 50.107ms
[805.027s][info][gc] GC(149) Pause Full (Allocation Failure) 61M->61M(61M) 51.916ms
[805.079s][info][gc] GC(150) Pause Full (Allocation Failure) 61M->61M(61M) 52.175ms
[805.129s][info][gc] GC(151) Pause Full (Allocation Failure) 61M->61M(61M) 50.132ms
[805.180s][info][gc] GC(152) Pause Full (Allocation Failure) 61M->61M(61M) 50.218ms
[805.230s][info][gc] GC(153) Pause Full (Allocation Failure) 61M->61M(61M) 50.192ms
[805.282s][info][gc] GC(154) Pause Full (Allocation Failure) 61M->61M(61M) 51.341ms
[805.332s][info][gc] GC(155) Pause Full (Allocation Failure) 61M->61M(61M) 50.539ms
[805.382s][info][gc] GC(156) Pause Full (Allocation Failure) 61M->61M(61M) 50.082ms
[805.433s][info][gc] GC(157) Pause Full (Allocation Failure) 61M->61M(61M) 50.153ms
[805.483s][info][gc] GC(158) Pause Full (Allocation Failure) 61M->61M(61M) 50.447ms
[805.534s][info][gc] GC(159) Pause Full (Allocation Failure) 61M->61M(61M) 50.229ms
[805.584s][info][gc] GC(160) Pause Full (Allocation Failure) 61M->61M(61M) 50.132ms
[805.634s][info][gc] GC(161) Pause Full (Allocation Failure) 61M->61M(61M) 50.018ms
[805.685s][info][gc] GC(162) Pause Full (Allocation Failure) 61M->61M(61M) 50.145ms
[805.735s][info][gc] GC(163) Pause Full (Allocation Failure) 61M->61M(61M) 50.130ms
[805.786s][info][gc] GC(164) Pause Full (Allocation Failure) 61M->61M(61M) 50.727ms
[805.836s][info][gc] GC(165) Pause Full (Allocation Failure) 61M->61M(61M) 50.302ms
[805.887s][info][gc] GC(166) Pause Full (Allocation Failure) 61M->61M(61M) 50.431ms
[805.940s][info][gc] GC(167) Pause Full (Allocation Failure) 61M->61M(61M) 52.576ms
[805.992s][info][gc] GC(168) Pause Full (Allocation Failure) 61M->61M(61M) 52.183ms
[806.043s][info][gc] GC(169) Pause Full (Allocation Failure) 61M->61M(61M) 51.121ms
[806.109s][info][gc] GC(170) Pause Full (Allocation Failure) 61M->61M(61M) 65.542ms
[806.161s][info][gc] GC(171) Pause Full (Allocation Failure) 61M->61M(61M) 51.567ms
[806.212s][info][gc] GC(172) Pause Full (Allocation Failure) 61M->61M(61M) 50.860ms
[806.262s][info][gc] GC(173) Pause Full (Allocation Failure) 61M->61M(61M) 50.236ms
[806.312s][info][gc] GC(174) Pause Full (Allocation Failure) 61M->61M(61M) 50.168ms
[806.366s][info][gc] GC(175) Pause Full (Allocation Failure) 61M->61M(61M) 53.077ms
[806.416s][info][gc] GC(176) Pause Full (Allocation Failure) 61M->61M(61M) 50.208ms
[806.468s][info][gc] GC(177) Pause Full (Allocation Failure) 61M->61M(61M) 51.741ms
[806.520s][info][gc] GC(178) Pause Full (Allocation Failure) 61M->61M(61M) 52.076ms
[806.571s][info][gc] GC(179) Pause Full (Allocation Failure) 61M->61M(61M) 50.559ms
[806.623s][info][gc] GC(180) Pause Full (Allocation Failure) 61M->61M(61M) 51.223ms
[806.697s][info][gc] GC(181) Pause Full (Allocation Failure) 61M->61M(61M) 73.894ms
[806.750s][info][gc] GC(182) Pause Full (Allocation Failure) 61M->61M(61M) 52.835ms
[806.802s][info][gc] GC(183) Pause Full (Allocation Failure) 61M->61M(61M) 52.047ms
[806.853s][info][gc] GC(184) Pause Full (Allocation Failure) 61M->61M(61M) 51.081ms
[806.905s][info][gc] GC(185) Pause Full (Allocation Failure) 61M->61M(61M) 51.624ms
[806.956s][info][gc] GC(186) Pause Full (Allocation Failure) 61M->61M(61M) 51.273ms
[807.007s][info][gc] GC(187) Pause Full (Allocation Failure) 61M->61M(61M) 50.359ms
[807.057s][info][gc] GC(188) Pause Full (Allocation Failure) 61M->61M(61M) 50.081ms
[807.075s][info][gc] GC(189) Pause Full (Allocation Failure) 61M->4M(61M) 18.156ms
